
  .   ____          _            __ _ _
 /\\ / ___'_ __ _ _(_)_ __  __ _ \ \ \ \
( ( )\___ | '_ | '_| | '_ \/ _` | \ \ \ \
 \\/  ___)| |_)| | | | | || (_| |  ) ) ) )
  '  |____| .__|_| |_|_| |_\__, | / / / /
 =========|_|==============|___/=/_/_/_/
 :: Spring Boot ::                (v3.2.0)

2025-12-15T12:42:27.590+01:00  INFO 13936 --- [           main] c.g.GestionVentesBackendApplication      : Starting GestionVentesBackendApplication v0.0.1-SNAPSHOT using Java 21.0.8 with PID 13936 (C:\IID2\javaEE\Projet\ProjetJEE\gestionventesbackend\target\gestionVentesBackend-0.0.1-SNAPSHOT.jar started by X1 in C:\IID2\javaEE\Projet\ProjetJEE\gestionventesbackend)
2025-12-15T12:42:27.597+01:00  INFO 13936 --- [           main] c.g.GestionVentesBackendApplication      : No active profile set, falling back to 1 default profile: "default"
2025-12-15T12:42:30.128+01:00  INFO 13936 --- [           main] .s.d.r.c.RepositoryConfigurationDelegate : Bootstrapping Spring Data JPA repositories in DEFAULT mode.
2025-12-15T12:42:30.413+01:00  INFO 13936 --- [           main] .s.d.r.c.RepositoryConfigurationDelegate : Finished Spring Data repository scanning in 256 ms. Found 10 JPA repository interfaces.
2025-12-15T12:42:32.340+01:00  INFO 13936 --- [           main] o.s.b.w.embedded.tomcat.TomcatWebServer  : Tomcat initialized with port 8080 (http)
2025-12-15T12:42:32.367+01:00  INFO 13936 --- [           main] o.apache.catalina.core.StandardService   : Starting service [Tomcat]
2025-12-15T12:42:32.367+01:00  INFO 13936 --- [           main] o.apache.catalina.core.StandardEngine    : Starting Servlet engine: [Apache Tomcat/10.1.16]
2025-12-15T12:42:32.510+01:00  INFO 13936 --- [           main] o.a.c.c.C.[Tomcat].[localhost].[/]       : Initializing Spring embedded WebApplicationContext
2025-12-15T12:42:32.514+01:00  INFO 13936 --- [           main] w.s.c.ServletWebServerApplicationContext : Root WebApplicationContext: initialization completed in 4593 ms
2025-12-15T12:42:32.790+01:00  WARN 13936 --- [           main] ConfigServletWebServerApplicationContext : Exception encountered during context initialization - cancelling refresh attempt: org.springframework.beans.factory.UnsatisfiedDependencyException: Error creating bean with name 'dataSourceScriptDatabaseInitializer' defined in class path resource [org/springframework/boot/autoconfigure/sql/init/DataSourceInitializationConfiguration.class]: Unsatisfied dependency expressed through method 'dataSourceScriptDatabaseInitializer' parameter 0: Error creating bean with name 'dataSource' defined in class path resource [org/springframework/boot/autoconfigure/jdbc/DataSourceConfiguration$Hikari.class]: Failed to instantiate [com.zaxxer.hikari.HikariDataSource]: Factory method 'dataSource' threw exception with message: Failed to determine a suitable driver class
2025-12-15T12:42:32.797+01:00  INFO 13936 --- [           main] o.apache.catalina.core.StandardService   : Stopping service [Tomcat]
2025-12-15T12:42:32.849+01:00  INFO 13936 --- [           main] .s.b.a.l.ConditionEvaluationReportLogger : 

Error starting ApplicationContext. To display the condition evaluation report re-run your application with 'debug' enabled.
2025-12-15T12:42:32.903+01:00 ERROR 13936 --- [           main] o.s.b.d.LoggingFailureAnalysisReporter   : 

***************************
APPLICATION FAILED TO START
***************************

Description:

Failed to configure a DataSource: 'url' attribute is not specified and no embedded datasource could be configured.

Reason: Failed to determine a suitable driver class


Action:

Consider the following:
	If you want an embedded database (H2, HSQL or Derby), please put it on the classpath.
	If you have database settings to be loaded from a particular profile you may need to activate it (no profiles are currently active).

