
  .   ____          _            __ _ _
 /\\ / ___'_ __ _ _(_)_ __  __ _ \ \ \ \
( ( )\___ | '_ | '_| | '_ \/ _` | \ \ \ \
 \\/  ___)| |_)| | | | | || (_| |  ) ) ) )
  '  |____| .__|_| |_|_| |_\__, | / / / /
 =========|_|==============|___/=/_/_/_/
 :: Spring Boot ::                (v3.2.0)

2025-12-15T12:38:58.630+01:00  INFO 22832 --- [gestionVentesBackend] [           main] c.g.GestionVentesBackendApplication      : Starting GestionVentesBackendApplication v0.0.1-SNAPSHOT using Java 21.0.8 with PID 22832 (C:\IID2\javaEE\Projet\ProjetJEE\gestionventesbackend\target\gestionVentesBackend-0.0.1-SNAPSHOT.jar started by X1 in C:\IID2\javaEE\Projet\ProjetJEE\gestionventesbackend)
2025-12-15T12:38:58.634+01:00  INFO 22832 --- [gestionVentesBackend] [           main] c.g.GestionVentesBackendApplication      : No active profile set, falling back to 1 default profile: "default"
2025-12-15T12:39:00.748+01:00  INFO 22832 --- [gestionVentesBackend] [           main] .s.d.r.c.RepositoryConfigurationDelegate : Bootstrapping Spring Data JPA repositories in DEFAULT mode.
2025-12-15T12:39:00.961+01:00  INFO 22832 --- [gestionVentesBackend] [           main] .s.d.r.c.RepositoryConfigurationDelegate : Finished Spring Data repository scanning in 186 ms. Found 10 JPA repository interfaces.
2025-12-15T12:39:02.175+01:00  INFO 22832 --- [gestionVentesBackend] [           main] o.s.b.w.embedded.tomcat.TomcatWebServer  : Tomcat initialized with port 9090 (http)
2025-12-15T12:39:02.209+01:00  INFO 22832 --- [gestionVentesBackend] [           main] o.apache.catalina.core.StandardService   : Starting service [Tomcat]
2025-12-15T12:39:02.209+01:00  INFO 22832 --- [gestionVentesBackend] [           main] o.apache.catalina.core.StandardEngine    : Starting Servlet engine: [Apache Tomcat/10.1.16]
2025-12-15T12:39:02.297+01:00  INFO 22832 --- [gestionVentesBackend] [           main] o.a.c.c.C.[Tomcat].[localhost].[/]       : Initializing Spring embedded WebApplicationContext
2025-12-15T12:39:02.299+01:00  INFO 22832 --- [gestionVentesBackend] [           main] w.s.c.ServletWebServerApplicationContext : Root WebApplicationContext: initialization completed in 3533 ms
2025-12-15T12:39:02.660+01:00  INFO 22832 --- [gestionVentesBackend] [           main] o.hibernate.jpa.internal.util.LogHelper  : HHH000204: Processing PersistenceUnitInfo [name: default]
2025-12-15T12:39:02.836+01:00  INFO 22832 --- [gestionVentesBackend] [           main] org.hibernate.Version                    : HHH000412: Hibernate ORM core version 6.3.1.Final
2025-12-15T12:39:02.919+01:00  INFO 22832 --- [gestionVentesBackend] [           main] o.h.c.internal.RegionFactoryInitiator    : HHH000026: Second-level cache disabled
2025-12-15T12:39:03.482+01:00  INFO 22832 --- [gestionVentesBackend] [           main] o.s.o.j.p.SpringPersistenceUnitInfo      : No LoadTimeWeaver setup: ignoring JPA class transformer
2025-12-15T12:39:03.628+01:00  INFO 22832 --- [gestionVentesBackend] [           main] com.zaxxer.hikari.HikariDataSource       : HikariPool-1 - Starting...
2025-12-15T12:39:04.149+01:00  INFO 22832 --- [gestionVentesBackend] [           main] com.zaxxer.hikari.pool.HikariPool        : HikariPool-1 - Added connection com.mysql.cj.jdbc.ConnectionImpl@79d63a4f
2025-12-15T12:39:04.154+01:00  INFO 22832 --- [gestionVentesBackend] [           main] com.zaxxer.hikari.HikariDataSource       : HikariPool-1 - Start completed.
2025-12-15T12:39:04.232+01:00  WARN 22832 --- [gestionVentesBackend] [           main] org.hibernate.dialect.Dialect            : HHH000511: The 5.5.0 version for [org.hibernate.dialect.MySQLDialect] is no longer supported, hence certain features may not work properly. The minimum supported version is 5.7.0. Check the community dialects project for available legacy versions.
2025-12-15T12:39:04.242+01:00  WARN 22832 --- [gestionVentesBackend] [           main] org.hibernate.orm.deprecation            : HHH90000025: MySQLDialect does not need to be specified explicitly using 'hibernate.dialect' (remove the property setting and it will be selected by default)
2025-12-15T12:39:06.413+01:00  INFO 22832 --- [gestionVentesBackend] [           main] o.h.e.t.j.p.i.JtaPlatformInitiator       : HHH000489: No JTA platform available (set 'hibernate.transaction.jta.platform' to enable JTA platform integration)
Hibernate: alter table employe modify column salaire DECIMAL(10,2) DEFAULT 0 not null
Hibernate: alter table investissement modify column montant_investissement DECIMAL(10,2)
Hibernate: alter table investisseur modify column capital_disponible DECIMAL(15,2)
2025-12-15T12:39:06.617+01:00  INFO 22832 --- [gestionVentesBackend] [           main] j.LocalContainerEntityManagerFactoryBean : Initialized JPA EntityManagerFactory for persistence unit 'default'
2025-12-15T12:39:07.421+01:00  INFO 22832 --- [gestionVentesBackend] [           main] o.s.d.j.r.query.QueryEnhancerFactory     : Hibernate is in classpath; If applicable, HQL parser will be used.
2025-12-15T12:39:08.653+01:00  WARN 22832 --- [gestionVentesBackend] [           main] JpaBaseConfiguration$JpaWebConfiguration : spring.jpa.open-in-view is enabled by default. Therefore, database queries may be performed during view rendering. Explicitly configure spring.jpa.open-in-view to disable this warning
2025-12-15T12:39:08.708+01:00  WARN 22832 --- [gestionVentesBackend] [           main] .s.s.UserDetailsServiceAutoConfiguration : 

Using generated security password: 657176f9-6ef7-46fb-8340-b4c78669f14b

This generated password is for development use only. Your security configuration must be updated before running your application in production.

2025-12-15T12:39:08.979+01:00  INFO 22832 --- [gestionVentesBackend] [           main] o.s.s.web.DefaultSecurityFilterChain     : Will secure any request with [org.springframework.security.web.session.DisableEncodeUrlFilter@7a98f106, org.springframework.security.web.context.request.async.WebAsyncManagerIntegrationFilter@633328d3, org.springframework.security.web.context.SecurityContextHolderFilter@7ef8cfbb, org.springframework.security.web.header.HeaderWriterFilter@2ca8bd50, org.springframework.web.filter.CorsFilter@45382749, org.springframework.security.web.authentication.logout.LogoutFilter@7e383712, org.springframework.security.web.savedrequest.RequestCacheAwareFilter@a49995f, org.springframework.security.web.servletapi.SecurityContextHolderAwareRequestFilter@2cb95c6c, org.springframework.security.web.authentication.AnonymousAuthenticationFilter@406cf37f, org.springframework.security.web.access.ExceptionTranslationFilter@5b7600ec, org.springframework.security.web.access.intercept.AuthorizationFilter@3695e4f2]
2025-12-15T12:39:09.739+01:00  WARN 22832 --- [gestionVentesBackend] [           main] ConfigServletWebServerApplicationContext : Exception encountered during context initialization - cancelling refresh attempt: org.springframework.context.ApplicationContextException: Failed to start bean 'webServerStartStop'
2025-12-15T12:39:09.741+01:00  INFO 22832 --- [gestionVentesBackend] [           main] j.LocalContainerEntityManagerFactoryBean : Closing JPA EntityManagerFactory for persistence unit 'default'
2025-12-15T12:39:09.743+01:00  INFO 22832 --- [gestionVentesBackend] [           main] com.zaxxer.hikari.HikariDataSource       : HikariPool-1 - Shutdown initiated...
2025-12-15T12:39:09.755+01:00  INFO 22832 --- [gestionVentesBackend] [           main] com.zaxxer.hikari.HikariDataSource       : HikariPool-1 - Shutdown completed.
2025-12-15T12:39:09.772+01:00  INFO 22832 --- [gestionVentesBackend] [           main] .s.b.a.l.ConditionEvaluationReportLogger : 

Error starting ApplicationContext. To display the condition evaluation report re-run your application with 'debug' enabled.
2025-12-15T12:39:09.801+01:00 ERROR 22832 --- [gestionVentesBackend] [           main] o.s.b.d.LoggingFailureAnalysisReporter   : 

***************************
APPLICATION FAILED TO START
***************************

Description:

Web server failed to start. Port 9090 was already in use.

Action:

Identify and stop the process that's listening on port 9090 or configure this application to listen on another port.

